
> table-tap@0.1.0 build
> next build

Γû▓ Next.js 16.1.1 (Turbopack)
- Environments: .env.local

node.exe : ΓÜá The "middleware" file 
convention is deprecated. Please use 
"proxy" instead. Learn more: https://ne
xtjs.org/docs/messages/middleware-to-pr
oxy
At line:1 char:1
+ & "C:\Program Files\nodejs/node.exe" 
"C:\Program Files\nodejs/node_mo ...
+ ~~~~~~~~~~~~~~~~~~~~~~~~~~~~~~~~~~~~~
~~~~~~~~~~~~~~~~~~~~~~~~~~~~~~~~
    + CategoryInfo          : 
NotSpecifi    ed: (ΓÜá The 
"middle...leware-to-pro    xy:String) 
[], RemoteException
    + FullyQualifiedErrorId : 
NativeComm    andError
 
  Creating an optimized production build ...
Γ£ô Compiled successfully in 24.6s
  Running TypeScript ...
Failed to compile.

./hooks/useCafe.ts:38:18
Type error: No overload matches this 
call.
  Overload 1 of 2, '(values: never, 
options?: { count?: "exact" | 
"planned" | "estimated" | undefined; } 
| undefined): PostgrestFilterBuilder<{ 
PostgrestVersion: "12"; }, never, 
never, null, "cafes", never, "POST">', 
gave the following error.
    Argument of type '{ owner_id: 
string; name: string; created_at?: 
string | undefined; id?: string | 
undefined; description?: string | null 
| undefined; logo_url?: string | null 
| undefined; }' is not assignable to 
parameter of type 'never'.
  Overload 2 of 2, '(values: never[], 
options?: { count?: "exact" | 
"planned" | "estimated" | undefined; 
defaultToNull?: boolean | undefined; } 
| undefined): PostgrestFilterBuilder<{ 
PostgrestVersion: "12"; }, never, 
never, null, "cafes", never, "POST">', 
gave the following error.
    Object literal may only specify 
known properties, and 'owner_id' does 
not exist in type 'never[]'.

[0m [90m 36 |[39m             
[36mconst[39m { data[33m,[39m 
error } [33m=[39m [36mawait[39m 
supabase
 [90m 37 |[39m                 [33m.
[39m[36mfrom[39m([32m'cafes'[39m)
[31m[1m>[22m[39m[90m 38 |[39m    
             [33m.[39minsert({
 [90m    |[39m                  
[31m[1m^[22m[39m
 [90m 39 |[39m                     
[33m...[39mnewCafe[33m,[39m
 [90m 40 |[39m                     
owner_id[33m:[39m user[33m.[39mid
 [90m 41 |[39m                 })[0m
Next.js build worker exited with code: 
1 and signal: null
